../Core/Src/main.c:78:10:read_one_adc_value	24	static
../Core/Src/main.c:88:7:normalize_12bit	16	static
../Core/Src/main.c:93:7:normalize_12bit_posneg	16	static
../Core/Src/main.c:97:6:print_normalized_value	40	static
../Core/Src/main.c:131:1:HAL_ADC_ConvCpltCallback	24	static
../Core/Src/main.c:150:7:lm35_to_celsius	24	static
../Core/Src/main.c:166:5:main	32	static
../Core/Src/main.c:247:6:SystemClock_Config	88	static
../Core/Src/main.c:294:13:MX_ADC1_Init	24	static
../Core/Src/main.c:373:13:MX_I2C1_Init	8	static
../Core/Src/main.c:407:13:MX_TIM2_Init	32	static
../Core/Src/main.c:452:13:MX_USART2_UART_Init	8	static
../Core/Src/main.c:485:13:MX_GPIO_Init	48	static
../Core/Src/main.c:525:6:Error_Handler	4	static,ignoring_inline_asm
