14:18:48 **** Incremental Build of configuration Debug for project Lab0_Blinky ****
make -j9 all 
arm-none-eabi-gcc "../Core/Src/main.c" -mcpu=cortex-m4 -std=gnu11 -g3 -DDEBUG -DUSE_HAL_DRIVER -DSTM32F401xE -c -I../Core/Inc -I../Drivers/STM32F4xx_HAL_Driver/Inc -I../Drivers/STM32F4xx_HAL_Driver/Inc/Legacy -I../Drivers/CMSIS/Device/ST/STM32F4xx/Include -I../Drivers/CMSIS/Include -O0 -ffunction-sections -fdata-sections -Wall -fstack-usage -fcyclomatic-complexity -MMD -MP -MF"Core/Src/main.d" -MT"Core/Src/main.o" --specs=nano.specs -mfpu=fpv4-sp-d16 -mfloat-abi=hard -mthumb -o "Core/Src/main.o"
arm-none-eabi-gcc -o "Lab0_Blinky.elf" @"objects.list"   -mcpu=cortex-m4 -T"/Users/sami/Documents/Mikrodatorteknik/Lab0_Blinky/STM32F401RETX_FLASH.ld" --specs=nosys.specs -Wl,-Map="Lab0_Blinky.map" -Wl,--gc-sections -static --specs=nano.specs -mfpu=fpv4-sp-d16 -mfloat-abi=hard -mthumb -Wl,--start-group -lc -lm -Wl,--end-group
Finished building target: Lab0_Blinky.elf
 
arm-none-eabi-size   Lab0_Blinky.elf 
arm-none-eabi-objdump -h -S  Lab0_Blinky.elf  > "Lab0_Blinky.list"
   text	   data	    bss	    dec	    hex	filename
  10984	    100	   1972	  13056	   3300	Lab0_Blinky.elf
Finished building: default.size.stdout
 
Finished building: Lab0_Blinky.list
 
14:18:52 **** Incremental Build of configuration Debug for project Lab0_Blinky ****
make -j9 all 
arm-none-eabi-size   Lab0_Blinky.elf 
   text	   data	    bss	    dec	    hex	filename
  10984	    100	   1972	  13056	   3300	Lab0_Blinky.elf
Finished building: default.size.stdout
 
14:21:26 **** Incremental Build of configuration Debug for project Lab0_Blinky ****
make -j9 all 
arm-none-eabi-size   Lab0_Blinky.elf 
   text	   data	    bss	    dec	    hex	filename
  10984	    100	   1972	  13056	   3300	Lab0_Blinky.elf
Finished building: default.size.stdout
 
